Jobs (Tests\Feature\Jobs)
 [x] Should createa new job

